// Jest Snapshot v1, https://goo.gl/fbAQLP

exports[`matches snapshot 1`] = `
<section
  className="header-section"
  id="header"
>
  <header
    className="container"
  >
    <h1
      className="header-title"
    >
       Know More About Us 
    </h1>
  </header>
</section>
`;
