// Jest Snapshot v1, https://goo.gl/fbAQLP

exports[`matches snapshot 1`] = `
<section
  className="bg-section about-vision component-font"
>
  <h2
    className="section-title"
  >
    Our Vision
  </h2>
  <p
    data-testid="vision-text"
  >
     
     
  </p>
</section>
`;
